ERROR:  Polygons with more than 100 vertices are not supported
ERROR:  Invalid array argument!
The array should contain even number of elements
ERROR:  Invalid polygon! The polygon must have more than two vertices
ERROR:  Invalid polygon! The polygon must have more than two vertices
ERROR:  The polygon is too large. Polygons having diameter >~23 degrees are unsupported
