 count 
-------
   307
(1 row)

 count 
-------
  1210
(1 row)

 count 
-------
  6849
(1 row)

 count 
-------
 29704
(1 row)

 count  
--------
 133672
(1 row)

 count 
-------
   307
(1 row)

 count 
-------
  1210
(1 row)

 count 
-------
  6849
(1 row)

 count 
-------
 29704
(1 row)

 count  
--------
 133672
(1 row)

