 count 
-------
  1460
(1 row)

 count 
-------
  1561
(1 row)

 count 
-------
  7882
(1 row)

 count 
-------
 28308
(1 row)

 count  
--------
 137223
(1 row)

 count 
-------
  1460
(1 row)

 count 
-------
  1561
(1 row)

 count 
-------
  7882
(1 row)

 count 
-------
 28308
(1 row)

 count  
--------
 137223
(1 row)

