 count 
-------
 84617
(1 row)

 count 
-------
     0
(1 row)

 count 
-------
     0
(1 row)

 count 
-------
 88283
(1 row)

 count 
-------
     0
(1 row)

 count 
-------
     0
(1 row)

 count 
-------
 82865
(1 row)

 count 
-------
     0
(1 row)

 count 
-------
     0
(1 row)

 count 
-------
 85776
(1 row)

 count 
-------
     0
(1 row)

 count 
-------
     0
(1 row)

 count 
-------
 80712
(1 row)

 count 
-------
     0
(1 row)

 count 
-------
     0
(1 row)

 count 
-------
 22493
(1 row)

 count 
-------
     0
(1 row)

 count 
-------
 26449
(1 row)

 count 
-------
     0
(1 row)

 count 
-------
 16364
(1 row)

 count 
-------
     0
(1 row)

 count 
-------
 25856
(1 row)

 count 
-------
     0
(1 row)

 count 
-------
  6256
(1 row)

 count 
-------
     0
(1 row)

 count 
-------
  6216
(1 row)

 count 
-------
     0
(1 row)

 count 
-------
  4276
(1 row)

 count 
-------
     0
(1 row)

 count 
-------
 86180
(1 row)

 count 
-------
     0
(1 row)

 count 
-------
     0
(1 row)

 count 
-------
 76057
(1 row)

 count 
-------
     0
(1 row)

 count 
-------
     0
(1 row)

