    round     
--------------
 2.8264172167
(1 row)

 round 
-------
      
(1 row)

    round     
--------------
 0.0006082459
(1 row)

 round 
-------
      
(1 row)

    round     
--------------
 2.0000055556
(1 row)

    round     
--------------
 0.0003045882
(1 row)

 round 
-------
      
(1 row)

 round 
-------
      
(1 row)

    round     
--------------
 2.2359771471
(1 row)

    round     
--------------
 0.0003806925
(1 row)

