 count 
-------
     2
(1 row)

 count 
-------
     2
(1 row)

 count 
-------
     2
(1 row)

 count 
-------
     2
(1 row)

 count 
-------
     2
(1 row)

 count 
-------
     1
(1 row)

 count 
-------
     1
(1 row)

 count 
-------
     3
(1 row)

 count 
-------
     1
(1 row)

 count 
-------
     3
(1 row)

 count 
-------
     1
(1 row)

 count 
-------
     3
(1 row)

 count 
-------
     1
(1 row)

 count 
-------
     1
(1 row)

 count 
-------
     3
(1 row)

 count 
-------
     2
(1 row)

 count 
-------
     2
(1 row)

 count 
-------
     2
(1 row)

 count 
-------
     2
(1 row)

 count 
-------
     2
(1 row)

 count 
-------
     2
(1 row)

 count 
-------
     2
(1 row)

 count 
-------
     2
(1 row)

 count 
-------
     3
(1 row)

 count 
-------
     2
(1 row)

 count 
-------
     2
(1 row)

 count 
-------
     1
(1 row)

 count 
-------
     2
(1 row)

 count 
-------
     2
(1 row)

 count 
-------
     3
(1 row)

 count 
-------
     4
(1 row)

 count 
-------
     2
(1 row)

 count 
-------
     1
(1 row)

 count 
-------
     1
(1 row)

 count 
-------
     2
(1 row)

 count 
-------
     1
(1 row)

 count 
-------
     2
(1 row)

 count 
-------
     1
(1 row)

 count 
-------
     2
(1 row)

 count 
-------
     2
(1 row)

 count 
-------
     2
(1 row)

 count 
-------
     1
(1 row)

 count 
-------
     1
(1 row)

 count 
-------
     2
(1 row)

 count 
-------
     1
(1 row)

 count 
-------
     1
(1 row)

 count 
-------
     2
(1 row)

 count 
-------
     2
(1 row)

 count 
-------
     1
(1 row)

 count 
-------
     3
(1 row)

 count 
-------
     1
(1 row)

 count 
-------
     2
(1 row)

 count 
-------
     2
(1 row)

 count 
-------
     3
(1 row)

 count 
-------
     1
(1 row)

 count 
-------
     1
(1 row)

 count 
-------
     1
(1 row)

 count 
-------
     2
(1 row)

 count 
-------
     3
(1 row)

 count 
-------
     2
(1 row)

 count 
-------
     1
(1 row)

 count 
-------
     2
(1 row)

 count 
-------
     2
(1 row)

 count 
-------
     2
(1 row)

 count 
-------
     1
(1 row)

 count 
-------
     1
(1 row)

 count 
-------
     2
(1 row)

 count 
-------
     1
(1 row)

 count 
-------
     1
(1 row)

 count 
-------
     3
(1 row)

 count 
-------
     2
(1 row)

 count 
-------
     2
(1 row)

 count 
-------
     1
(1 row)

 count 
-------
     1
(1 row)

 count 
-------
     4
(1 row)

 count 
-------
     2
(1 row)

 count 
-------
     1
(1 row)

 count 
-------
     1
(1 row)

 count 
-------
     1
(1 row)

 count 
-------
     2
(1 row)

 count 
-------
     2
(1 row)

 count 
-------
     3
(1 row)

 count 
-------
     1
(1 row)

 count 
-------
     2
(1 row)

 count 
-------
     1
(1 row)

 count 
-------
     2
(1 row)

 count 
-------
     1
(1 row)

 count 
-------
     2
(1 row)

 count 
-------
     2
(1 row)

 count 
-------
     1
(1 row)

 count 
-------
     3
(1 row)

 count 
-------
     1
(1 row)

 count 
-------
     1
(1 row)

 count 
-------
     1
(1 row)

 count 
-------
     2
(1 row)

 count 
-------
     1
(1 row)

 count 
-------
     3
(1 row)

 count 
-------
     1
(1 row)

 count 
-------
     2
(1 row)

 count 
-------
     1
(1 row)

 count 
-------
     5
(1 row)

 count 
-------
     4
(1 row)

 count 
-------
     2
(1 row)

 count 
-------
     4
(1 row)

 count 
-------
     5
(1 row)

 count 
-------
     4
(1 row)

 count 
-------
     3
(1 row)

 count 
-------
     4
(1 row)

 count 
-------
     3
(1 row)

 count 
-------
     3
(1 row)

 count 
-------
     2
(1 row)

 count 
-------
     9
(1 row)

 count 
-------
     4
(1 row)

 count 
-------
     5
(1 row)

 count 
-------
     3
(1 row)

 count 
-------
     9
(1 row)

 count 
-------
     2
(1 row)

 count 
-------
     1
(1 row)

 count 
-------
     3
(1 row)

 count 
-------
     2
(1 row)

 count 
-------
     3
(1 row)

 count 
-------
     5
(1 row)

 count 
-------
     2
(1 row)

 count 
-------
     8
(1 row)

 count 
-------
     5
(1 row)

 count 
-------
     3
(1 row)

 count 
-------
     3
(1 row)

 count 
-------
     3
(1 row)

 count 
-------
     6
(1 row)

 count 
-------
     3
(1 row)

 count 
-------
     5
(1 row)

 count 
-------
     4
(1 row)

 count 
-------
     5
(1 row)

 count 
-------
     3
(1 row)

 count 
-------
     2
(1 row)

 count 
-------
     4
(1 row)

 count 
-------
     3
(1 row)

 count 
-------
     7
(1 row)

 count 
-------
     3
(1 row)

 count 
-------
     5
(1 row)

 count 
-------
     5
(1 row)

 count 
-------
     5
(1 row)

 count 
-------
     6
(1 row)

 count 
-------
     4
(1 row)

 count 
-------
     6
(1 row)

 count 
-------
     3
(1 row)

 count 
-------
     5
(1 row)

 count 
-------
     2
(1 row)

 count 
-------
     3
(1 row)

 count 
-------
     4
(1 row)

 count 
-------
     3
(1 row)

 count 
-------
     4
(1 row)

 count 
-------
     5
(1 row)

 count 
-------
     4
(1 row)

 count 
-------
     6
(1 row)

 count 
-------
     5
(1 row)

 count 
-------
     7
(1 row)

 count 
-------
     4
(1 row)

 count 
-------
     5
(1 row)

 count 
-------
     3
(1 row)

 count 
-------
     6
(1 row)

 count 
-------
     4
(1 row)

 count 
-------
     3
(1 row)

 count 
-------
     2
(1 row)

 count 
-------
     4
(1 row)

 count 
-------
     4
(1 row)

 count 
-------
     3
(1 row)

 count 
-------
     1
(1 row)

 count 
-------
     3
(1 row)

 count 
-------
     4
(1 row)

 count 
-------
     1
(1 row)

 count 
-------
     5
(1 row)

 count 
-------
     3
(1 row)

 count 
-------
     3
(1 row)

 count 
-------
     3
(1 row)

 count 
-------
     3
(1 row)

 count 
-------
     3
(1 row)

 count 
-------
     3
(1 row)

 count 
-------
     5
(1 row)

 count 
-------
     2
(1 row)

 count 
-------
     3
(1 row)

 count 
-------
     7
(1 row)

 count 
-------
     2
(1 row)

 count 
-------
     6
(1 row)

 count 
-------
     1
(1 row)

 count 
-------
     2
(1 row)

 count 
-------
     4
(1 row)

 count 
-------
     3
(1 row)

 count 
-------
     6
(1 row)

 count 
-------
     6
(1 row)

 count 
-------
     2
(1 row)

 count 
-------
     4
(1 row)

 count 
-------
     4
(1 row)

 count 
-------
     3
(1 row)

 count 
-------
     6
(1 row)

 count 
-------
     6
(1 row)

 count 
-------
     3
(1 row)

 count 
-------
     4
(1 row)

 count 
-------
     3
(1 row)

 count 
-------
     8
(1 row)

 count 
-------
    14
(1 row)

 count 
-------
    14
(1 row)

 count 
-------
    10
(1 row)

 count 
-------
    13
(1 row)

 count 
-------
    13
(1 row)

 count 
-------
    17
(1 row)

 count 
-------
    15
(1 row)

 count 
-------
    10
(1 row)

 count 
-------
    15
(1 row)

 count 
-------
     8
(1 row)

 count 
-------
     8
(1 row)

 count 
-------
    10
(1 row)

 count 
-------
    12
(1 row)

 count 
-------
    31
(1 row)

 count 
-------
    19
(1 row)

 count 
-------
    10
(1 row)

 count 
-------
    15
(1 row)

 count 
-------
    10
(1 row)

 count 
-------
    15
(1 row)

 count 
-------
    15
(1 row)

 count 
-------
    17
(1 row)

 count 
-------
    14
(1 row)

 count 
-------
    22
(1 row)

 count 
-------
    13
(1 row)

 count 
-------
    10
(1 row)

 count 
-------
     8
(1 row)

 count 
-------
    15
(1 row)

 count 
-------
    15
(1 row)

 count 
-------
    14
(1 row)

 count 
-------
    10
(1 row)

 count 
-------
    11
(1 row)

 count 
-------
    12
(1 row)

 count 
-------
    11
(1 row)

 count 
-------
    16
(1 row)

 count 
-------
    15
(1 row)

 count 
-------
    18
(1 row)

 count 
-------
    10
(1 row)

 count 
-------
    15
(1 row)

 count 
-------
    11
(1 row)

 count 
-------
    11
(1 row)

 count 
-------
    11
(1 row)

 count 
-------
    12
(1 row)

 count 
-------
    10
(1 row)

 count 
-------
    12
(1 row)

 count 
-------
    15
(1 row)

 count 
-------
    13
(1 row)

 count 
-------
    20
(1 row)

 count 
-------
    10
(1 row)

 count 
-------
    18
(1 row)

 count 
-------
    12
(1 row)

 count 
-------
    10
(1 row)

 count 
-------
    15
(1 row)

 count 
-------
     9
(1 row)

 count 
-------
    13
(1 row)

 count 
-------
    12
(1 row)

 count 
-------
    13
(1 row)

 count 
-------
    13
(1 row)

 count 
-------
    15
(1 row)

 count 
-------
     9
(1 row)

 count 
-------
    12
(1 row)

 count 
-------
    20
(1 row)

 count 
-------
    10
(1 row)

 count 
-------
    11
(1 row)

 count 
-------
     7
(1 row)

 count 
-------
    10
(1 row)

 count 
-------
    15
(1 row)

 count 
-------
     7
(1 row)

 count 
-------
    14
(1 row)

 count 
-------
    11
(1 row)

 count 
-------
    17
(1 row)

 count 
-------
    15
(1 row)

 count 
-------
    12
(1 row)

 count 
-------
    13
(1 row)

 count 
-------
    20
(1 row)

 count 
-------
     9
(1 row)

 count 
-------
     9
(1 row)

 count 
-------
    20
(1 row)

 count 
-------
    15
(1 row)

 count 
-------
    10
(1 row)

 count 
-------
    15
(1 row)

 count 
-------
    19
(1 row)

 count 
-------
    10
(1 row)

 count 
-------
    14
(1 row)

 count 
-------
     8
(1 row)

 count 
-------
    17
(1 row)

 count 
-------
     8
(1 row)

 count 
-------
    14
(1 row)

 count 
-------
     9
(1 row)

 count 
-------
     8
(1 row)

 count 
-------
    13
(1 row)

 count 
-------
    11
(1 row)

 count 
-------
    12
(1 row)

 count 
-------
    18
(1 row)

 count 
-------
    11
(1 row)

 count 
-------
     7
(1 row)

 count 
-------
    12
(1 row)

 count 
-------
    11
(1 row)

 count 
-------
    16
(1 row)

 count 
-------
    14
(1 row)

 count 
-------
     8
(1 row)

 count 
-------
    38
(1 row)

 count 
-------
    48
(1 row)

 count 
-------
    57
(1 row)

 count 
-------
    52
(1 row)

 count 
-------
    43
(1 row)

 count 
-------
    46
(1 row)

 count 
-------
    53
(1 row)

 count 
-------
    45
(1 row)

 count 
-------
    57
(1 row)

 count 
-------
    41
(1 row)

 count 
-------
    51
(1 row)

 count 
-------
    60
(1 row)

 count 
-------
    60
(1 row)

 count 
-------
    54
(1 row)

 count 
-------
    61
(1 row)

 count 
-------
    49
(1 row)

 count 
-------
    67
(1 row)

 count 
-------
    53
(1 row)

 count 
-------
    37
(1 row)

 count 
-------
    56
(1 row)

 count 
-------
    47
(1 row)

 count 
-------
    57
(1 row)

 count 
-------
    55
(1 row)

 count 
-------
    52
(1 row)

 count 
-------
    49
(1 row)

 count 
-------
    41
(1 row)

 count 
-------
    49
(1 row)

 count 
-------
    43
(1 row)

 count 
-------
    54
(1 row)

 count 
-------
    53
(1 row)

 count 
-------
    45
(1 row)

 count 
-------
    40
(1 row)

 count 
-------
    57
(1 row)

 count 
-------
    57
(1 row)

 count 
-------
    49
(1 row)

 count 
-------
    47
(1 row)

 count 
-------
    45
(1 row)

 count 
-------
    47
(1 row)

 count 
-------
    51
(1 row)

 count 
-------
    43
(1 row)

 count 
-------
    60
(1 row)

 count 
-------
    42
(1 row)

 count 
-------
    58
(1 row)

 count 
-------
    54
(1 row)

 count 
-------
    54
(1 row)

 count 
-------
    40
(1 row)

 count 
-------
    55
(1 row)

 count 
-------
    51
(1 row)

 count 
-------
    55
(1 row)

 count 
-------
    65
(1 row)

 count 
-------
    44
(1 row)

 count 
-------
    51
(1 row)

 count 
-------
    37
(1 row)

 count 
-------
    56
(1 row)

 count 
-------
    44
(1 row)

 count 
-------
    58
(1 row)

 count 
-------
    52
(1 row)

 count 
-------
    48
(1 row)

 count 
-------
    53
(1 row)

 count 
-------
    52
(1 row)

 count 
-------
    54
(1 row)

 count 
-------
    59
(1 row)

 count 
-------
    45
(1 row)

 count 
-------
    38
(1 row)

 count 
-------
    56
(1 row)

 count 
-------
    44
(1 row)

 count 
-------
    45
(1 row)

 count 
-------
    35
(1 row)

 count 
-------
    47
(1 row)

 count 
-------
    37
(1 row)

 count 
-------
    43
(1 row)

 count 
-------
    47
(1 row)

 count 
-------
    55
(1 row)

 count 
-------
    48
(1 row)

 count 
-------
    51
(1 row)

 count 
-------
    46
(1 row)

 count 
-------
    35
(1 row)

 count 
-------
    48
(1 row)

 count 
-------
    42
(1 row)

 count 
-------
    43
(1 row)

 count 
-------
    56
(1 row)

 count 
-------
    50
(1 row)

 count 
-------
    48
(1 row)

 count 
-------
    50
(1 row)

 count 
-------
    41
(1 row)

 count 
-------
    35
(1 row)

 count 
-------
    58
(1 row)

 count 
-------
    44
(1 row)

 count 
-------
    48
(1 row)

 count 
-------
    57
(1 row)

 count 
-------
    49
(1 row)

 count 
-------
    35
(1 row)

 count 
-------
    50
(1 row)

 count 
-------
    58
(1 row)

 count 
-------
    39
(1 row)

 count 
-------
    39
(1 row)

 count 
-------
    48
(1 row)

 count 
-------
    53
(1 row)

 count 
-------
    45
(1 row)

 count 
-------
    55
(1 row)

 count 
-------
   169
(1 row)

 count 
-------
   208
(1 row)

 count 
-------
   202
(1 row)

 count 
-------
   179
(1 row)

 count 
-------
   189
(1 row)

 count 
-------
   184
(1 row)

 count 
-------
   183
(1 row)

 count 
-------
   187
(1 row)

 count 
-------
   196
(1 row)

 count 
-------
   213
(1 row)

 count 
-------
   200
(1 row)

 count 
-------
   205
(1 row)

 count 
-------
   194
(1 row)

 count 
-------
   195
(1 row)

 count 
-------
   211
(1 row)

 count 
-------
   198
(1 row)

 count 
-------
   205
(1 row)

 count 
-------
   184
(1 row)

 count 
-------
   178
(1 row)

 count 
-------
   183
(1 row)

 count 
-------
   215
(1 row)

 count 
-------
   185
(1 row)

 count 
-------
   193
(1 row)

 count 
-------
   199
(1 row)

 count 
-------
   224
(1 row)

 count 
-------
   196
(1 row)

 count 
-------
   205
(1 row)

 count 
-------
   217
(1 row)

 count 
-------
   197
(1 row)

 count 
-------
   190
(1 row)

 count 
-------
   210
(1 row)

 count 
-------
   199
(1 row)

 count 
-------
   187
(1 row)

 count 
-------
   185
(1 row)

 count 
-------
   200
(1 row)

 count 
-------
   179
(1 row)

 count 
-------
   175
(1 row)

 count 
-------
   224
(1 row)

 count 
-------
   179
(1 row)

 count 
-------
   191
(1 row)

 count 
-------
   184
(1 row)

 count 
-------
   210
(1 row)

 count 
-------
   173
(1 row)

 count 
-------
   177
(1 row)

 count 
-------
   194
(1 row)

 count 
-------
   209
(1 row)

 count 
-------
   185
(1 row)

 count 
-------
   210
(1 row)

 count 
-------
   175
(1 row)

 count 
-------
   199
(1 row)

 count 
-------
   183
(1 row)

 count 
-------
   208
(1 row)

 count 
-------
   133
(1 row)

 count 
-------
   187
(1 row)

 count 
-------
   206
(1 row)

 count 
-------
   204
(1 row)

 count 
-------
   206
(1 row)

 count 
-------
   204
(1 row)

 count 
-------
   198
(1 row)

 count 
-------
   211
(1 row)

 count 
-------
   179
(1 row)

 count 
-------
   217
(1 row)

 count 
-------
   183
(1 row)

 count 
-------
   202
(1 row)

 count 
-------
   186
(1 row)

 count 
-------
   187
(1 row)

 count 
-------
   191
(1 row)

 count 
-------
   183
(1 row)

 count 
-------
   140
(1 row)

 count 
-------
   195
(1 row)

 count 
-------
   197
(1 row)

 count 
-------
   190
(1 row)

 count 
-------
   179
(1 row)

 count 
-------
   174
(1 row)

 count 
-------
   204
(1 row)

 count 
-------
   183
(1 row)

 count 
-------
   197
(1 row)

 count 
-------
   187
(1 row)

 count 
-------
   174
(1 row)

 count 
-------
   194
(1 row)

 count 
-------
   206
(1 row)

 count 
-------
   196
(1 row)

 count 
-------
   199
(1 row)

 count 
-------
   182
(1 row)

 count 
-------
   193
(1 row)

 count 
-------
   189
(1 row)

 count 
-------
   166
(1 row)

 count 
-------
   193
(1 row)

 count 
-------
   186
(1 row)

 count 
-------
   200
(1 row)

 count 
-------
   199
(1 row)

 count 
-------
   190
(1 row)

 count 
-------
   179
(1 row)

 count 
-------
   236
(1 row)

 count 
-------
   219
(1 row)

 count 
-------
   185
(1 row)

 count 
-------
   173
(1 row)

 count 
-------
   175
(1 row)

 count 
-------
   179
(1 row)

 count 
-------
   199
(1 row)

 count 
-------
   767
(1 row)

 count 
-------
   780
(1 row)

 count 
-------
   772
(1 row)

 count 
-------
   685
(1 row)

 count 
-------
   742
(1 row)

 count 
-------
   763
(1 row)

 count 
-------
   747
(1 row)

 count 
-------
   748
(1 row)

 count 
-------
   768
(1 row)

 count 
-------
   729
(1 row)

 count 
-------
   763
(1 row)

 count 
-------
   762
(1 row)

 count 
-------
   729
(1 row)

 count 
-------
   752
(1 row)

 count 
-------
   753
(1 row)

 count 
-------
   793
(1 row)

 count 
-------
   799
(1 row)

 count 
-------
   790
(1 row)

 count 
-------
   769
(1 row)

 count 
-------
   788
(1 row)

 count 
-------
   817
(1 row)

 count 
-------
   757
(1 row)

 count 
-------
   619
(1 row)

 count 
-------
   739
(1 row)

 count 
-------
   762
(1 row)

 count 
-------
   778
(1 row)

 count 
-------
   797
(1 row)

 count 
-------
   745
(1 row)

 count 
-------
   761
(1 row)

 count 
-------
   830
(1 row)

 count 
-------
   767
(1 row)

 count 
-------
   714
(1 row)

 count 
-------
   755
(1 row)

 count 
-------
   735
(1 row)

 count 
-------
   766
(1 row)

 count 
-------
   657
(1 row)

 count 
-------
   773
(1 row)

 count 
-------
   789
(1 row)

 count 
-------
   767
(1 row)

 count 
-------
   767
(1 row)

 count 
-------
   734
(1 row)

 count 
-------
   808
(1 row)

 count 
-------
   744
(1 row)

 count 
-------
   751
(1 row)

 count 
-------
   790
(1 row)

 count 
-------
   777
(1 row)

 count 
-------
   834
(1 row)

 count 
-------
   775
(1 row)

 count 
-------
   811
(1 row)

 count 
-------
   774
(1 row)

 count 
-------
   686
(1 row)

 count 
-------
   666
(1 row)

 count 
-------
   733
(1 row)

 count 
-------
   764
(1 row)

 count 
-------
   793
(1 row)

 count 
-------
   809
(1 row)

 count 
-------
   745
(1 row)

 count 
-------
   757
(1 row)

 count 
-------
   747
(1 row)

 count 
-------
   771
(1 row)

 count 
-------
   774
(1 row)

 count 
-------
   748
(1 row)

 count 
-------
   765
(1 row)

 count 
-------
   712
(1 row)

 count 
-------
   750
(1 row)

 count 
-------
   802
(1 row)

 count 
-------
   768
(1 row)

 count 
-------
   774
(1 row)

 count 
-------
   787
(1 row)

 count 
-------
   798
(1 row)

 count 
-------
   839
(1 row)

 count 
-------
   817
(1 row)

 count 
-------
   741
(1 row)

 count 
-------
   746
(1 row)

 count 
-------
   775
(1 row)

 count 
-------
   753
(1 row)

 count 
-------
   768
(1 row)

 count 
-------
   787
(1 row)

 count 
-------
   758
(1 row)

 count 
-------
   760
(1 row)

 count 
-------
   816
(1 row)

 count 
-------
   717
(1 row)

 count 
-------
   785
(1 row)

 count 
-------
   790
(1 row)

 count 
-------
   758
(1 row)

 count 
-------
   736
(1 row)

 count 
-------
   756
(1 row)

 count 
-------
   625
(1 row)

 count 
-------
   788
(1 row)

 count 
-------
   759
(1 row)

 count 
-------
   772
(1 row)

 count 
-------
   812
(1 row)

 count 
-------
   757
(1 row)

 count 
-------
   772
(1 row)

 count 
-------
   780
(1 row)

 count 
-------
   747
(1 row)

 count 
-------
   778
(1 row)

 count 
-------
   784
(1 row)

 count 
-------
   784
(1 row)

 count 
-------
   793
(1 row)

 count 
-------
  3148
(1 row)

 count 
-------
  3073
(1 row)

 count 
-------
  3079
(1 row)

 count 
-------
  3132
(1 row)

 count 
-------
  3082
(1 row)

 count 
-------
  3102
(1 row)

 count 
-------
  3024
(1 row)

 count 
-------
  3044
(1 row)

 count 
-------
  3093
(1 row)

 count 
-------
  3134
(1 row)

 count 
-------
  3034
(1 row)

 count 
-------
  3164
(1 row)

 count 
-------
  3076
(1 row)

 count 
-------
  3047
(1 row)

 count 
-------
  3044
(1 row)

 count 
-------
  3094
(1 row)

 count 
-------
  3015
(1 row)

 count 
-------
  3092
(1 row)

 count 
-------
  3002
(1 row)

 count 
-------
  3050
(1 row)

 count 
-------
  3065
(1 row)

 count 
-------
  3058
(1 row)

 count 
-------
  3162
(1 row)

 count 
-------
  3080
(1 row)

 count 
-------
  3022
(1 row)

 count 
-------
  3105
(1 row)

 count 
-------
  3113
(1 row)

 count 
-------
  3051
(1 row)

 count 
-------
  3069
(1 row)

 count 
-------
  3083
(1 row)

 count 
-------
  3081
(1 row)

 count 
-------
  3062
(1 row)

 count 
-------
  3013
(1 row)

 count 
-------
  3078
(1 row)

 count 
-------
  3161
(1 row)

 count 
-------
  3139
(1 row)

 count 
-------
  3057
(1 row)

 count 
-------
  3146
(1 row)

 count 
-------
  3055
(1 row)

 count 
-------
  3045
(1 row)

 count 
-------
  3110
(1 row)

 count 
-------
  2781
(1 row)

 count 
-------
  3101
(1 row)

 count 
-------
  3144
(1 row)

 count 
-------
  3094
(1 row)

 count 
-------
  3000
(1 row)

 count 
-------
  3059
(1 row)

 count 
-------
  3086
(1 row)

 count 
-------
  3204
(1 row)

 count 
-------
  2972
(1 row)

 count 
-------
  3111
(1 row)

 count 
-------
  3121
(1 row)

 count 
-------
  3106
(1 row)

 count 
-------
  3062
(1 row)

 count 
-------
  2984
(1 row)

 count 
-------
  3038
(1 row)

 count 
-------
  3074
(1 row)

 count 
-------
  2986
(1 row)

 count 
-------
  3103
(1 row)

 count 
-------
  3169
(1 row)

 count 
-------
  3097
(1 row)

 count 
-------
  3067
(1 row)

 count 
-------
  3065
(1 row)

 count 
-------
  2995
(1 row)

 count 
-------
  3044
(1 row)

 count 
-------
  3026
(1 row)

 count 
-------
  2919
(1 row)

 count 
-------
  3001
(1 row)

 count 
-------
  3191
(1 row)

 count 
-------
  2887
(1 row)

 count 
-------
  3180
(1 row)

 count 
-------
  3098
(1 row)

 count 
-------
  3018
(1 row)

 count 
-------
  2860
(1 row)

 count 
-------
  3104
(1 row)

 count 
-------
  2986
(1 row)

 count 
-------
  3010
(1 row)

 count 
-------
  3216
(1 row)

 count 
-------
  3003
(1 row)

 count 
-------
  3053
(1 row)

 count 
-------
  3074
(1 row)

 count 
-------
  2942
(1 row)

 count 
-------
  3090
(1 row)

 count 
-------
  3115
(1 row)

 count 
-------
  3133
(1 row)

 count 
-------
  3062
(1 row)

 count 
-------
  3044
(1 row)

 count 
-------
  3112
(1 row)

 count 
-------
  3091
(1 row)

 count 
-------
  3011
(1 row)

 count 
-------
  3022
(1 row)

 count 
-------
  3075
(1 row)

 count 
-------
  3007
(1 row)

 count 
-------
  3058
(1 row)

 count 
-------
  3041
(1 row)

 count 
-------
  2814
(1 row)

 count 
-------
  3182
(1 row)

 count 
-------
  3015
(1 row)

 count 
-------
  3059
(1 row)

 count 
-------
  3069
(1 row)

 count 
-------
  2777
(1 row)

 count 
-------
  2723
(1 row)

 count 
-------
  2799
(1 row)

 count 
-------
  2811
(1 row)

 count 
-------
  2751
(1 row)

 count 
-------
  2741
(1 row)

 count 
-------
  2736
(1 row)

 count 
-------
  2704
(1 row)

 count 
-------
  2694
(1 row)

 count 
-------
  2771
(1 row)

 count 
-------
  2718
(1 row)

 count 
-------
  2782
(1 row)

 count 
-------
  2726
(1 row)

 count 
-------
  2758
(1 row)

 count 
-------
  2748
(1 row)

 count 
-------
  2719
(1 row)

 count 
-------
  2759
(1 row)

 count 
-------
  2751
(1 row)

 count 
-------
  2737
(1 row)

 count 
-------
  2726
(1 row)

 count 
-------
  2724
(1 row)

 count 
-------
  2712
(1 row)

 count 
-------
  2761
(1 row)

 count 
-------
  2763
(1 row)

 count 
-------
  2679
(1 row)

 count 
-------
  2658
(1 row)

 count 
-------
  2686
(1 row)

 count 
-------
  2654
(1 row)

 count 
-------
  2744
(1 row)

 count 
-------
  2745
(1 row)

 count 
-------
  2770
(1 row)

 count 
-------
  2787
(1 row)

 count  
--------
 115992
(1 row)

 count  
--------
 116335
(1 row)

 count  
--------
 115531
(1 row)

 count  
--------
 116058
(1 row)

 count  
--------
 116441
(1 row)

 count  
--------
 115055
(1 row)

 count  
--------
 116768
(1 row)

 count  
--------
 116441
(1 row)

 count  
--------
 115109
(1 row)

 count  
--------
 115911
(1 row)

